TAP version 13
# Subtest: readings rebuild preserves 1.3 catalog, UTC calendar, APIs and metadata
not ok 1 - readings rebuild preserves 1.3 catalog, UTC calendar, APIs and metadata
  ---
  duration_ms: 762.088166
  type: 'test'
  location: '/Users/ga/workspace/synaxarium-package-release/tests/npm_builder_preservation.test.cjs:9:1'
  failureType: 'testCodeFailure'
  error: "ENOENT: no such file or directory, open '/Users/ga/.hermes/cache/scratch/lectionary-builder-08KYSc/packages/lectionary-data/calendar.js'"
  code: 'ENOENT'
  stack: |-
    Object.openSync (node:fs:560:18)
    Object.readFileSync (node:fs:444:35)
    TestContext.<anonymous> (/Users/ga/workspace/synaxarium-package-release/tests/npm_builder_preservation.test.cjs:31:27)
    Test.runInAsyncScope (node:async_hooks:214:14)
    Test.run (node:internal/test_runner/test:1047:25)
    Test.start (node:internal/test_runner/test:944:17)
    startSubtestAfterBootstrap (node:internal/test_runner/harness:296:17)
  ...
1..1
# tests 1
# suites 0
# pass 0
# fail 1
# cancelled 0
# skipped 0
# todo 0
# duration_ms 813.525208
