TAP version 13
# Subtest: readings rebuild preserves 1.3 catalog, UTC calendar, APIs and metadata
not ok 1 - readings rebuild preserves 1.3 catalog, UTC calendar, APIs and metadata
  ---
  duration_ms: 990.795459
  type: 'test'
  location: '/Users/ga/workspace/synaxarium-package-release/tests/npm_builder_preservation.test.cjs:9:1'
  failureType: 'testCodeFailure'
  error: 'Gregorian date components must be integers.'
  code: 'ERR_TEST_FAILURE'
  name: 'TypeError'
  stack: |-
    Object.gregorianToCoptic (/Users/ga/.hermes/cache/scratch/lectionary-builder-hKumUD/packages/lectionary-data/calendar.js:13:11)
    TestContext.<anonymous> (/Users/ga/workspace/synaxarium-package-release/tests/npm_builder_preservation.test.cjs:43:22)
    Test.runInAsyncScope (node:async_hooks:214:14)
    Test.run (node:internal/test_runner/test:1047:25)
    Test.start (node:internal/test_runner/test:944:17)
    startSubtestAfterBootstrap (node:internal/test_runner/harness:296:17)
  ...
1..1
# tests 1
# suites 0
# pass 0
# fail 1
# cancelled 0
# skipped 0
# todo 0
# duration_ms 1044.554042
