{
  "reverse_lectionary_presentation_rows": 66565,
  "reverse_lectionary_index_rows": 11925,
  "reverse_lectionary_index_status_disagreement_rows": 0,
  "daily_lectionary_years": {
    "2020": 3713,
    "2021": 3717,
    "2022": 3712,
    "2023": 3686,
    "2024": 3712,
    "2025": 3678,
    "2026": 3748,
    "2027": 3715,
    "2028": 3710,
    "2029": 3719,
    "2030": 3697,
    "2031": 3733,
    "2032": 3723,
    "2033": 3712,
    "2034": 3776,
    "2035": 3709
  },
  "daily_lectionary_total_rows": 59460,
  "reading_identity_rows": 2591,
  "todays_readings_rows": 12,
  "psalm_crosswalk_rows": 161,
  "pascha_attestation_rows": 440,
  "pascha_attestation_bucket_manifest_rows": 5,
  "temporal_classification_rows": 440,
  "temporal_residue_rows": 414,
  "temporal_residue_manifest_rows": 5,
  "synaxarium_commemoration_rows": 664,
  "synaxarium_bridge_rows": 4687,
  "passage_footprint_rows": 2590,
  "passage_source_disclosure_rows": 66565,
  "foundational_reading_collection_rows": 69
}
