TAP version 13
# Subtest: readings rebuild preserves 1.3 catalog, UTC calendar, APIs and metadata
ok 1 - readings rebuild preserves 1.3 catalog, UTC calendar, APIs and metadata
  ---
  duration_ms: 2321.120333
  type: 'test'
  ...
# Subtest: calendar is UTC-stable at Coptic new year and leap day
ok 2 - calendar is UTC-stable at Coptic new year and leap day
  ---
  duration_ms: 261.781666
  type: 'test'
  ...
# Subtest: calendar supports years outside shipped readings, early years and century boundaries
ok 3 - calendar supports years outside shipped readings, early years and century boundaries
  ---
  duration_ms: 78.449
  type: 'test'
  ...
# Subtest: public catalog preserves titles, order and immutable day validity
ok 4 - public catalog preserves titles, order and immutable day validity
  ---
  duration_ms: 2.595708
  type: 'test'
  ...
# Subtest: Coptic Reader Monday Eve Sixth Hour keeps LXX 28 as MT 29, not MT 28
ok 5 - Coptic Reader Monday Eve Sixth Hour keeps LXX 28 as MT 29, not MT 28
  ---
  duration_ms: 5.333583
  type: 'test'
  ...
# Subtest: remaining authoritative Psalm readings retain text-aligned MT coordinates and source order
ok 6 - remaining authoritative Psalm readings retain text-aligned MT coordinates and source order
  ---
  duration_ms: 46.656166
  type: 'test'
  ...
# Subtest: Good Friday Sixth Hour preserves the authoritative composite in text order
ok 7 - Good Friday Sixth Hour preserves the authoritative composite in text order
  ---
  duration_ms: 22.868167
  type: 'test'
  ...
# Subtest: Jonah Fast has no current Vespers in the three materialized fast days
ok 8 - Jonah Fast has no current Vespers in the three materialized fast days
  ---
  duration_ms: 86.195958
  type: 'test'
  ...
# Subtest: Coptic Reader source corrections are occasion-specific
ok 9 - Coptic Reader source corrections are occasion-specific
  ---
  duration_ms: 5.764458
  type: 'test'
  ...
# Subtest: legacy removed/active contract is unchanged; current is explicit
ok 10 - legacy removed/active contract is unchanged; current is explicit
  ---
  duration_ms: 1.1455
  type: 'test'
  ...
# Subtest: Gregorian validation rejects impossible dates and preserves unsupported-year behavior
ok 11 - Gregorian validation rejects impossible dates and preserves unsupported-year behavior
  ---
  duration_ms: 0.235208
  type: 'test'
  ...
# Subtest: all shipped dates contain current rows only, with numeric order and forward-preserved spans
ok 12 - all shipped dates contain current rows only, with numeric order and forward-preserved spans
  ---
  duration_ms: 145.960292
  type: 'test'
  ...
# Subtest: Annunciation collision gives Tuesday/Eve only and retains undated annual reverse evidence
ok 13 - Annunciation collision gives Tuesday/Eve only and retains undated annual reverse evidence
  ---
  duration_ms: 0.752375
  type: 'test'
  ...
# Subtest: source-specific Monday/Tuesday Eve Gospels remain distinct
ok 14 - source-specific Monday/Tuesday Eve Gospels remain distinct
  ---
  duration_ms: 7.982583
  type: 'test'
  ...
# Subtest: Monday current composite replaces split Genesis fragments
ok 15 - Monday current composite replaces split Genesis fragments
  ---
  duration_ms: 0.372083
  type: 'test'
  ...
# Subtest: Good Friday emits OT1 through OT10 in actual numeric order without sorting the assertion
ok 16 - Good Friday emits OT1 through OT10 in actual numeric order without sorting the assertion
  ---
  duration_ms: 0.685084
  type: 'test'
  ...
# Subtest: calendar overlay preserves the approved current Job composite
ok 17 - calendar overlay preserves the approved current Job composite
  ---
  duration_ms: 0.184292
  type: 'test'
  ...
# Subtest: blank source orders fall back to the documented ordinary-service order, never zero
ok 18 - blank source orders fall back to the documented ordinary-service order, never zero
  ---
  duration_ms: 1.071042
  type: 'test'
  ...
# Subtest: reverse slot order is typed and retains named non-scripture readings
ok 19 - reverse slot order is typed and retains named non-scripture readings
  ---
  duration_ms: 4.872375
  type: 'test'
  ...
# Subtest: remaining Coptic Reader corrections preserve exact context and Psalm companions
ok 20 - remaining Coptic Reader corrections preserve exact context and Psalm companions
  ---
  duration_ms: 17.595666
  type: 'test'
  ...
1..20
# tests 20
# suites 0
# pass 20
# fail 0
# cancelled 0
# skipped 0
# todo 0
# duration_ms 2447.917167
