{
  "version": "1.3.1",
  "target_dates": [
    "2026-03-04",
    "2027-03-24",
    "2028-03-08"
  ],
  "ordered_references": [
    "Exod 4:19-6:13",
    "Joel 2:21-27",
    "Isa 9:9-10:4",
    "Job 12:1-14:22"
  ],
  "reverse_prophecy_rows": 4,
  "synaxarium_days": 366,
  "synaxarium_commemorations": 868,
  "calendar_smoke": "pass",
  "status": "pass",
  "tarball": "/Users/ga/workspace/synaxarium-package-release/audit_artifacts/lent-matins-prophecies-2026-10-07/andraws-lectionary-data-1.3.1.tgz",
  "sha256": "5abfab18ee8228d54470661d4a6ccf597208cebd92e5cf8627498818a42fae02",
  "bytes": 2128263,
  "packed_file_count": 11,
  "packed_file_sha256": {
    "LICENSE": "be68c3d4ff5376a22dd54bca67629167437330d37fbf22d71fb60c3e6df70037",
    "calendar.js": "71993db3ecb51523f9a384b5391549e57d0fb8f3d59e82c1d4cfcc9d881f2830",
    "index.js": "3c9e51994b1788efc15bfe0ea60ed9ade9c38b11e71713c9c44991b9137427da",
    "data/daily/lectionary-2026.json": "55a363d75e2d3e58d444ab4203871af81ac24969b5fecc684ffa1bac9d9c6953",
    "data/daily/lectionary-2027.json": "6c99f3d6fec9713b63cc6f73bebc50f079032642ad7d7a3cf9421d2277d64b2e",
    "data/daily/lectionary-2028.json": "dcf4bbc6d5f7c77381abab3eba92a2048691d9398160cec400262e60dbceaace",
    "meta.json": "522bfe2c07cd55575fb10c424840a8fcacd89ecbb164a7115f6cec6b5a6bd0ad",
    "package.json": "3a7cdd5094cf9f836f1e7b39608d0ae1ac5b63694bd47a4f842199f5c8456191",
    "data/synaxarium/synaxarium.json": "7780814efb4c91cd1039365f566a64029d5b63c3eb5e16f9d5be74e068a312d7",
    "data/reverse_lectionary_index.jsonl": "baf025b116d75fa3c2ec23d83058190494ab7217fdf3f3777631b77978f2302c",
    "README.md": "81ce2bab1f3b9e30c686a3261ba69e1a37814d25b2c14c5810d0cac189a55337"
  },
  "offline_install": "pass",
  "installed_bytes_match_tarball": true,
  "remaining_lent_coverage_gaps": {
    "2026": {
      "labelled_lent_weekdays": 33,
      "without_prophecy_rows": 32,
      "dates_without_prophecy_rows": [
        "2026-02-17",
        "2026-02-18",
        "2026-02-19",
        "2026-02-20",
        "2026-02-23",
        "2026-02-24",
        "2026-02-25",
        "2026-02-26",
        "2026-02-27",
        "2026-03-02",
        "2026-03-03",
        "2026-03-05",
        "2026-03-06",
        "2026-03-09",
        "2026-03-10",
        "2026-03-11",
        "2026-03-12",
        "2026-03-13",
        "2026-03-16",
        "2026-03-17",
        "2026-03-18",
        "2026-03-20",
        "2026-03-23",
        "2026-03-24",
        "2026-03-25",
        "2026-03-26",
        "2026-03-27",
        "2026-03-30",
        "2026-03-31",
        "2026-04-01",
        "2026-04-02",
        "2026-04-03"
      ]
    },
    "2027": {
      "labelled_lent_weekdays": 32,
      "without_prophecy_rows": 31,
      "dates_without_prophecy_rows": [
        "2027-03-09",
        "2027-03-10",
        "2027-03-11",
        "2027-03-12",
        "2027-03-15",
        "2027-03-16",
        "2027-03-17",
        "2027-03-18",
        "2027-03-22",
        "2027-03-23",
        "2027-03-25",
        "2027-03-26",
        "2027-03-29",
        "2027-03-30",
        "2027-03-31",
        "2027-04-01",
        "2027-04-02",
        "2027-04-05",
        "2027-04-06",
        "2027-04-08",
        "2027-04-09",
        "2027-04-12",
        "2027-04-13",
        "2027-04-14",
        "2027-04-15",
        "2027-04-16",
        "2027-04-19",
        "2027-04-20",
        "2027-04-21",
        "2027-04-22",
        "2027-04-23"
      ]
    },
    "2028": {
      "labelled_lent_weekdays": 33,
      "without_prophecy_rows": 32,
      "dates_without_prophecy_rows": [
        "2028-02-22",
        "2028-02-23",
        "2028-02-24",
        "2028-02-25",
        "2028-02-28",
        "2028-02-29",
        "2028-03-01",
        "2028-03-02",
        "2028-03-03",
        "2028-03-06",
        "2028-03-07",
        "2028-03-09",
        "2028-03-10",
        "2028-03-13",
        "2028-03-14",
        "2028-03-15",
        "2028-03-16",
        "2028-03-17",
        "2028-03-20",
        "2028-03-21",
        "2028-03-22",
        "2028-03-23",
        "2028-03-24",
        "2028-03-27",
        "2028-03-28",
        "2028-03-29",
        "2028-03-30",
        "2028-03-31",
        "2028-04-03",
        "2028-04-04",
        "2028-04-05",
        "2028-04-06"
      ]
    }
  }
}
