TAP version 13
# Subtest: official Third-Week Wednesday Matins prophecies lead Psalm/Gospel on 2026-03-04
ok 1 - official Third-Week Wednesday Matins prophecies lead Psalm/Gospel on 2026-03-04
  ---
  duration_ms: 511.360917
  type: 'test'
  ...
# Subtest: official Third-Week Wednesday Matins prophecies lead Psalm/Gospel on 2027-03-24
ok 2 - official Third-Week Wednesday Matins prophecies lead Psalm/Gospel on 2027-03-24
  ---
  duration_ms: 365.955167
  type: 'test'
  ...
# Subtest: official Third-Week Wednesday Matins prophecies lead Psalm/Gospel on 2028-03-08
ok 3 - official Third-Week Wednesday Matins prophecies lead Psalm/Gospel on 2028-03-08
  ---
  duration_ms: 207.581375
  type: 'test'
  ...
# Subtest: readings rebuild preserves 1.3 catalog, UTC calendar, APIs and metadata
ok 4 - readings rebuild preserves 1.3 catalog, UTC calendar, APIs and metadata
  ---
  duration_ms: 3208.55075
  type: 'test'
  ...
# Subtest: calendar is UTC-stable at Coptic new year and leap day
ok 5 - calendar is UTC-stable at Coptic new year and leap day
  ---
  duration_ms: 391.656209
  type: 'test'
  ...
# Subtest: calendar supports years outside shipped readings, early years and century boundaries
ok 6 - calendar supports years outside shipped readings, early years and century boundaries
  ---
  duration_ms: 23.874708
  type: 'test'
  ...
# Subtest: public catalog preserves titles, order and immutable day validity
ok 7 - public catalog preserves titles, order and immutable day validity
  ---
  duration_ms: 3.858541
  type: 'test'
  ...
# Subtest: Coptic Reader Monday Eve Sixth Hour keeps LXX 28 as MT 29, not MT 28
ok 8 - Coptic Reader Monday Eve Sixth Hour keeps LXX 28 as MT 29, not MT 28
  ---
  duration_ms: 2.813709
  type: 'test'
  ...
# Subtest: remaining authoritative Psalm readings retain text-aligned MT coordinates and source order
ok 9 - remaining authoritative Psalm readings retain text-aligned MT coordinates and source order
  ---
  duration_ms: 93.293334
  type: 'test'
  ...
# Subtest: Good Friday Sixth Hour preserves the authoritative composite in text order
ok 10 - Good Friday Sixth Hour preserves the authoritative composite in text order
  ---
  duration_ms: 45.546458
  type: 'test'
  ...
# Subtest: Jonah Fast has no current Vespers in the three materialized fast days
ok 11 - Jonah Fast has no current Vespers in the three materialized fast days
  ---
  duration_ms: 76.782583
  type: 'test'
  ...
# Subtest: Coptic Reader source corrections are occasion-specific
ok 12 - Coptic Reader source corrections are occasion-specific
  ---
  duration_ms: 41.459166
  type: 'test'
  ...
# Subtest: legacy removed/active contract is unchanged; current is explicit
ok 13 - legacy removed/active contract is unchanged; current is explicit
  ---
  duration_ms: 4.219333
  type: 'test'
  ...
# Subtest: Gregorian validation rejects impossible dates and preserves unsupported-year behavior
ok 14 - Gregorian validation rejects impossible dates and preserves unsupported-year behavior
  ---
  duration_ms: 0.330833
  type: 'test'
  ...
# Subtest: all shipped dates contain current rows only, with numeric order and forward-preserved spans
ok 15 - all shipped dates contain current rows only, with numeric order and forward-preserved spans
  ---
  duration_ms: 130.653125
  type: 'test'
  ...
# Subtest: Annunciation collision gives Tuesday/Eve only and retains undated annual reverse evidence
ok 16 - Annunciation collision gives Tuesday/Eve only and retains undated annual reverse evidence
  ---
  duration_ms: 1.017916
  type: 'test'
  ...
# Subtest: source-specific Monday/Tuesday Eve Gospels remain distinct
ok 17 - source-specific Monday/Tuesday Eve Gospels remain distinct
  ---
  duration_ms: 14.086625
  type: 'test'
  ...
# Subtest: Monday current composite replaces split Genesis fragments
ok 18 - Monday current composite replaces split Genesis fragments
  ---
  duration_ms: 0.153542
  type: 'test'
  ...
# Subtest: Good Friday emits OT1 through OT10 in actual numeric order without sorting the assertion
ok 19 - Good Friday emits OT1 through OT10 in actual numeric order without sorting the assertion
  ---
  duration_ms: 0.287625
  type: 'test'
  ...
# Subtest: calendar overlay preserves the approved current Job composite
ok 20 - calendar overlay preserves the approved current Job composite
  ---
  duration_ms: 2.348708
  type: 'test'
  ...
# Subtest: blank source orders fall back to the documented ordinary-service order, never zero
ok 21 - blank source orders fall back to the documented ordinary-service order, never zero
  ---
  duration_ms: 6.097417
  type: 'test'
  ...
# Subtest: reverse slot order is typed and retains named non-scripture readings
ok 22 - reverse slot order is typed and retains named non-scripture readings
  ---
  duration_ms: 8.048792
  type: 'test'
  ...
# Subtest: remaining Coptic Reader corrections preserve exact context and Psalm companions
ok 23 - remaining Coptic Reader corrections preserve exact context and Psalm companions
  ---
  duration_ms: 60.252542
  type: 'test'
  ...
1..23
# tests 23
# suites 0
# pass 23
# fail 0
# cancelled 0
# skipped 0
# todo 0
# duration_ms 3384.638875
