{
  "baseline_head": "0664a4acbdef2ad65ee0bbd7666e73cedd572e3f",
  "source_capture_not_fresh_replay": true,
  "target_dates": [
    "2020-03-11",
    "2021-03-24",
    "2022-03-16",
    "2023-03-08",
    "2024-03-27",
    "2025-03-12",
    "2026-03-04",
    "2027-03-24",
    "2028-03-08",
    "2029-02-28",
    "2030-03-20",
    "2031-03-05",
    "2032-03-24",
    "2033-03-16",
    "2034-03-01",
    "2035-03-21"
  ],
  "source_date_surfaces": {
    "out/data/copticchurch_date_readings_2020_2035.csv": {
      "old_rows": 50382,
      "new_rows": 50446,
      "added_sourced_prophecies": 64,
      "all_existing_rows_semantically_equal_ignoring_absent_vs_empty_metadata": true
    },
    "out/data/copticchurch_date_readings_current_2020_2035.csv": {
      "old_rows": 50500,
      "new_rows": 50564,
      "added_sourced_prophecies": 64,
      "all_existing_rows_semantically_equal_ignoring_absent_vs_empty_metadata": true
    },
    "out/data/copticchurch_passage_index_current_2020_2035.csv": {
      "old_rows": 59430,
      "new_rows": 59494,
      "added_sourced_prophecies": 64,
      "all_existing_rows_semantically_equal_ignoring_absent_vs_empty_metadata": true
    }
  },
  "reverse_delta": {
    "old_rows": 11921,
    "new_rows": 11925,
    "added": [
      {
        "authority_tier": "working_local_source",
        "calendar_keys": "week 3 day_of_week 3",
        "canonical_lxx_ref": "Joel 2:21-27",
        "canonical_mt_ref": "Joel 2:21-27",
        "collapsed_row_count": "1",
        "current_status": "current_public_or_local_reference",
        "display_ref": "Joel 2:21-27",
        "identity_key": "rid_e18e5959c401d060e88f",
        "occasion": "Great Lent/Jonah/Nineveh cycle",
        "occasion_kind": "cycle",
        "provenance": "katameros-api sqlite",
        "reading_type": "scripture",
        "service_section": "prophecy",
        "slot": "prophecy",
        "slot_order": 39,
        "slot_type": "prophecy",
        "source_disclosure": "[{\"source_family\":\"katameros_cycle\",\"source_kind\":\"katameros_cycle\",\"source_edition\":\"local repo snapshot of pierresaid Katameros API SQLite database\",\"source_title\":\"pierresaid Katameros API SQLite source bundled in repo\",\"source_locator\":\"sources/katameros-api/Core/KatamerosDatabase.db:row 5243; source_ref=Joel 2:21-27\"}]",
        "source_disclosure_count": "1",
        "source_edition": "local repo snapshot of pierresaid Katameros API SQLite database",
        "source_family": "katameros_cycle",
        "source_kind": "katameros_cycle",
        "source_locator": "sources/katameros-api/Core/KatamerosDatabase.db:row 5243; source_ref=Joel 2:21-27",
        "source_title": "pierresaid Katameros API SQLite source bundled in repo",
        "spans_json": "[{\"book\": \"Joel\", \"canonical_lxx_ref\": \"Joel 2:21-27\", \"canonical_mt_ref\": \"Joel 2:21-27\", \"chapter_end\": 2, \"chapter_start\": 2, \"confidence\": \"high\", \"source_convention\": \"modern_english_reference\", \"source_ref\": \"Joel 2:21-27\", \"validation_basis\": \"\", \"verse_end\": 27, \"verse_start\": 21}]"
      },
      {
        "attestation_year_max": "2035",
        "attestation_year_min": "2020",
        "attestation_years": "2020; 2021; 2022; 2023; 2024; 2025; 2026; 2027; 2028; 2029; 2030; 2031; 2032; 2033; 2034; 2035",
        "authority_tier": "primary_current_practice",
        "calendar_keys": "Wednesday of the third week of Great Lent",
        "canonical_lxx_ref": "Exod 4:19-6:13",
        "canonical_mt_ref": "Exod 4:19-6:13",
        "collapsed_row_count": "16",
        "current_status": "current_confirmed_coptic_reader",
        "day_titles": "Wednesday of the third week of Great Lent",
        "display_ref": "Exod 4:19-6:13",
        "hour_theme": "awakening to praise and repentance",
        "identity_key": "rid_8b61c7cb6e2cc596028a",
        "occasion": "Wednesday of the third week of Great Lent",
        "occasion_kind": "specific",
        "provenance": "Coptic Reader verified recurring supplement",
        "reading_type": "scripture",
        "service_section": "Matins",
        "slot": "OT1",
        "slot_order": 1,
        "slot_type": "prophecy",
        "source_disclosure": "[{\"source_family\":\"coptic_reader_verified_supplement\",\"source_kind\":\"copticchurch_date\",\"source_edition\":\"Saved authenticated capture 2026-10-07; selected 2026-03-04\",\"source_title\":\"Coptic Reader, official Southern US publisher, Third-Week Great Fast Wednesday Matins\",\"source_locator\":\"https://copticreader.org/app/; sources/coptic-reader/lent-week3-wednesday-2026-10-07/coptic-reader-2026-03-04-matins-prophecies.txt:row lent-week3-wednesday:2020-03-11:OT1; source_ref=Exod 4:19-6:13\",\"attested_year_min\":\"2020\",\"attested_year_max\":\"2035\"}]",
        "source_disclosure_count": "1",
        "source_edition": "Saved authenticated capture 2026-10-07; selected 2026-03-04",
        "source_family": "coptic_reader_verified_supplement",
        "source_kind": "copticchurch_date",
        "source_locator": "https://copticreader.org/app/; sources/coptic-reader/lent-week3-wednesday-2026-10-07/coptic-reader-2026-03-04-matins-prophecies.txt:row lent-week3-wednesday:2020-03-11:OT1; source_ref=Exod 4:19-6:13",
        "source_title": "Coptic Reader, official Southern US publisher, Third-Week Great Fast Wednesday Matins",
        "spans_json": "[{\"book\": \"Exod\", \"canonical_lxx_ref\": \"Exod 4:19-6:13\", \"canonical_mt_ref\": \"Exod 4:19-6:13\", \"chapter_end\": 6, \"chapter_start\": 4, \"confidence\": \"high\", \"source_convention\": \"modern_english_reference\", \"source_ref\": \"Exod 4:19-6:13\", \"validation_basis\": \"\", \"verse_end\": 13, \"verse_start\": 19}]"
      },
      {
        "attestation_year_max": "2035",
        "attestation_year_min": "2020",
        "attestation_years": "2020; 2021; 2022; 2023; 2024; 2025; 2026; 2027; 2028; 2029; 2030; 2031; 2032; 2033; 2034; 2035",
        "authority_tier": "primary_current_practice",
        "calendar_keys": "Wednesday of the third week of Great Lent",
        "canonical_lxx_ref": "Joel 2:21-27",
        "canonical_mt_ref": "Joel 2:21-27",
        "collapsed_row_count": "16",
        "current_status": "current_confirmed_coptic_reader",
        "day_titles": "Wednesday of the third week of Great Lent",
        "display_ref": "Joel 2:21-27",
        "hour_theme": "awakening to praise and repentance",
        "identity_key": "rid_e18e5959c401d060e88f",
        "occasion": "Wednesday of the third week of Great Lent",
        "occasion_kind": "specific",
        "provenance": "Coptic Reader verified recurring supplement",
        "reading_type": "scripture",
        "service_section": "Matins",
        "slot": "OT2",
        "slot_order": 2,
        "slot_type": "prophecy",
        "source_disclosure": "[{\"source_family\":\"coptic_reader_verified_supplement\",\"source_kind\":\"copticchurch_date\",\"source_edition\":\"Saved authenticated capture 2026-10-07; selected 2026-03-04\",\"source_title\":\"Coptic Reader, official Southern US publisher, Third-Week Great Fast Wednesday Matins\",\"source_locator\":\"https://copticreader.org/app/; sources/coptic-reader/lent-week3-wednesday-2026-10-07/coptic-reader-2026-03-04-matins-prophecies.txt:row lent-week3-wednesday:2020-03-11:OT2; source_ref=Joel 2:21-27\",\"attested_year_min\":\"2020\",\"attested_year_max\":\"2035\"}]",
        "source_disclosure_count": "1",
        "source_edition": "Saved authenticated capture 2026-10-07; selected 2026-03-04",
        "source_family": "coptic_reader_verified_supplement",
        "source_kind": "copticchurch_date",
        "source_locator": "https://copticreader.org/app/; sources/coptic-reader/lent-week3-wednesday-2026-10-07/coptic-reader-2026-03-04-matins-prophecies.txt:row lent-week3-wednesday:2020-03-11:OT2; source_ref=Joel 2:21-27",
        "source_title": "Coptic Reader, official Southern US publisher, Third-Week Great Fast Wednesday Matins",
        "spans_json": "[{\"book\": \"Joel\", \"canonical_lxx_ref\": \"Joel 2:21-27\", \"canonical_mt_ref\": \"Joel 2:21-27\", \"chapter_end\": 2, \"chapter_start\": 2, \"confidence\": \"high\", \"source_convention\": \"modern_english_reference\", \"source_ref\": \"Joel 2:21-27\", \"validation_basis\": \"\", \"verse_end\": 27, \"verse_start\": 21}]"
      },
      {
        "attestation_year_max": "2035",
        "attestation_year_min": "2020",
        "attestation_years": "2020; 2021; 2022; 2023; 2024; 2025; 2026; 2027; 2028; 2029; 2030; 2031; 2032; 2033; 2034; 2035",
        "authority_tier": "primary_current_practice",
        "calendar_keys": "Wednesday of the third week of Great Lent",
        "canonical_lxx_ref": "Isa 9:9-10:4",
        "canonical_mt_ref": "Isa 9:9-10:4",
        "collapsed_row_count": "16",
        "current_status": "current_confirmed_coptic_reader",
        "day_titles": "Wednesday of the third week of Great Lent",
        "display_ref": "Isa 9:9-10:4",
        "hour_theme": "awakening to praise and repentance",
        "identity_key": "rid_cc4df71d99af1fb49d79",
        "occasion": "Wednesday of the third week of Great Lent",
        "occasion_kind": "specific",
        "provenance": "Coptic Reader verified recurring supplement",
        "reading_type": "scripture",
        "service_section": "Matins",
        "slot": "OT3",
        "slot_order": 3,
        "slot_type": "prophecy",
        "source_disclosure": "[{\"source_family\":\"coptic_reader_verified_supplement\",\"source_kind\":\"copticchurch_date\",\"source_edition\":\"Saved authenticated capture 2026-10-07; selected 2026-03-04\",\"source_title\":\"Coptic Reader, official Southern US publisher, Third-Week Great Fast Wednesday Matins\",\"source_locator\":\"https://copticreader.org/app/; sources/coptic-reader/lent-week3-wednesday-2026-10-07/coptic-reader-2026-03-04-matins-prophecies.txt:row lent-week3-wednesday:2020-03-11:OT3; source_ref=Isa 9:9-10:4\",\"attested_year_min\":\"2020\",\"attested_year_max\":\"2035\"}]",
        "source_disclosure_count": "1",
        "source_edition": "Saved authenticated capture 2026-10-07; selected 2026-03-04",
        "source_family": "coptic_reader_verified_supplement",
        "source_kind": "copticchurch_date",
        "source_locator": "https://copticreader.org/app/; sources/coptic-reader/lent-week3-wednesday-2026-10-07/coptic-reader-2026-03-04-matins-prophecies.txt:row lent-week3-wednesday:2020-03-11:OT3; source_ref=Isa 9:9-10:4",
        "source_title": "Coptic Reader, official Southern US publisher, Third-Week Great Fast Wednesday Matins",
        "spans_json": "[{\"book\": \"Isa\", \"canonical_lxx_ref\": \"Isa 9:9-10:4\", \"canonical_mt_ref\": \"Isa 9:9-10:4\", \"chapter_end\": 10, \"chapter_start\": 9, \"confidence\": \"high\", \"source_convention\": \"modern_english_reference\", \"source_ref\": \"Isa 9:9-10:4\", \"validation_basis\": \"\", \"verse_end\": 4, \"verse_start\": 9}]"
      },
      {
        "attestation_year_max": "2035",
        "attestation_year_min": "2020",
        "attestation_years": "2020; 2021; 2022; 2023; 2024; 2025; 2026; 2027; 2028; 2029; 2030; 2031; 2032; 2033; 2034; 2035",
        "authority_tier": "primary_current_practice",
        "calendar_keys": "Wednesday of the third week of Great Lent",
        "canonical_lxx_ref": "Job 12:1-14:22",
        "canonical_mt_ref": "Job 12:1-14:22",
        "collapsed_row_count": "16",
        "current_status": "current_confirmed_coptic_reader",
        "day_titles": "Wednesday of the third week of Great Lent",
        "display_ref": "Job 12:1-14:22",
        "hour_theme": "awakening to praise and repentance",
        "identity_key": "rid_0a96324222201ca3db0f",
        "occasion": "Wednesday of the third week of Great Lent",
        "occasion_kind": "specific",
        "provenance": "Coptic Reader verified recurring supplement",
        "reading_type": "scripture",
        "service_section": "Matins",
        "slot": "OT4",
        "slot_order": 4,
        "slot_type": "prophecy",
        "source_disclosure": "[{\"source_family\":\"coptic_reader_verified_supplement\",\"source_kind\":\"copticchurch_date\",\"source_edition\":\"Saved authenticated capture 2026-10-07; selected 2026-03-04\",\"source_title\":\"Coptic Reader, official Southern US publisher, Third-Week Great Fast Wednesday Matins\",\"source_locator\":\"https://copticreader.org/app/; sources/coptic-reader/lent-week3-wednesday-2026-10-07/coptic-reader-2026-03-04-matins-prophecies.txt:row lent-week3-wednesday:2020-03-11:OT4; source_ref=Job 12:1-14:22\",\"attested_year_min\":\"2020\",\"attested_year_max\":\"2035\"}]",
        "source_disclosure_count": "1",
        "source_edition": "Saved authenticated capture 2026-10-07; selected 2026-03-04",
        "source_family": "coptic_reader_verified_supplement",
        "source_kind": "copticchurch_date",
        "source_locator": "https://copticreader.org/app/; sources/coptic-reader/lent-week3-wednesday-2026-10-07/coptic-reader-2026-03-04-matins-prophecies.txt:row lent-week3-wednesday:2020-03-11:OT4; source_ref=Job 12:1-14:22",
        "source_title": "Coptic Reader, official Southern US publisher, Third-Week Great Fast Wednesday Matins",
        "spans_json": "[{\"book\": \"Job\", \"canonical_lxx_ref\": \"Job 12:1-14:22\", \"canonical_mt_ref\": \"Job 12:1-14:22\", \"chapter_end\": 14, \"chapter_start\": 12, \"confidence\": \"high\", \"source_convention\": \"modern_english_reference\", \"source_ref\": \"Job 12:1-14:22\", \"validation_basis\": \"\", \"verse_end\": 22, \"verse_start\": 1}]"
      }
    ],
    "replaced_old": [
      {
        "authority_tier": "working_local_source",
        "calendar_keys": "week 3 day_of_week 3",
        "canonical_lxx_ref": "Joel 2:21-26",
        "canonical_mt_ref": "Joel 2:21-26",
        "collapsed_row_count": "1",
        "current_status": "current_public_or_local_reference",
        "display_ref": "Joel 2:21-26",
        "identity_key": "rid_25f0fa20c71ae9da8599",
        "occasion": "Great Lent/Jonah/Nineveh cycle",
        "occasion_kind": "cycle",
        "provenance": "katameros-api sqlite",
        "reading_type": "scripture",
        "service_section": "prophecy",
        "slot": "prophecy",
        "slot_order": 39,
        "slot_type": "prophecy",
        "source_disclosure": "[{\"source_family\":\"katameros_cycle\",\"source_kind\":\"katameros_cycle\",\"source_edition\":\"local repo snapshot of pierresaid Katameros API SQLite database\",\"source_title\":\"pierresaid Katameros API SQLite source bundled in repo\",\"source_locator\":\"sources/katameros-api/Core/KatamerosDatabase.db:row 5243; source_ref=Joel 2:21-26\"}]",
        "source_disclosure_count": "1",
        "source_edition": "local repo snapshot of pierresaid Katameros API SQLite database",
        "source_family": "katameros_cycle",
        "source_kind": "katameros_cycle",
        "source_locator": "sources/katameros-api/Core/KatamerosDatabase.db:row 5243; source_ref=Joel 2:21-26",
        "source_title": "pierresaid Katameros API SQLite source bundled in repo",
        "spans_json": "[{\"book\": \"Joel\", \"canonical_lxx_ref\": \"Joel 2:21-26\", \"canonical_mt_ref\": \"Joel 2:21-26\", \"chapter_end\": 2, \"chapter_start\": 2, \"confidence\": \"high\", \"source_convention\": \"modern_english_reference\", \"source_ref\": \"Joel 2:21-26\", \"validation_basis\": \"\", \"verse_end\": 26, \"verse_start\": 21}]"
      }
    ],
    "unchanged_rows": 11920
  },
  "chapter_delta": {
    "old_rows": 71380,
    "new_rows": 71524,
    "new_date_chapter_occurrences": 144,
    "cycle_joel_rows_replaced": 1,
    "exodus5_verified_on_all_16_target_dates": true
  },
  "status": "pass"
}
COMPLETE NON-TARGET COMPARISONS PASS
