{
  "package_name": "@andraws/lectionary-data",
  "version": "1.3.1",
  "schemaVersion": "1.2.0",
  "source_repo_commit": "0664a4acbdef2ad65ee0bbd7666e73cedd572e3f",
  "source_tree_dirty": true,
  "occasion_index_rows": 11925,
  "occasion_index_bytes": 22924713,
  "daily_files": [
    {
      "year": 2026,
      "rows": 365,
      "date_count": 365,
      "reading_count": 3983,
      "bytes": 6290875
    },
    {
      "year": 2027,
      "rows": 365,
      "date_count": 365,
      "reading_count": 3988,
      "bytes": 6310277
    },
    {
      "year": 2028,
      "rows": 366,
      "date_count": 366,
      "reading_count": 3983,
      "bytes": 6299786
    }
  ],
  "projection_rules": {
    "source_rows": 11925,
    "output_rows": 11925,
    "active_rows": 11434,
    "removed_rows_included": 491,
    "lower_priority_passage_variants_suppressed": 491,
    "lower_priority_passage_variants_retained_as_removed": 491,
    "removal_effective_version_baseline": {
      "source_version": "1.1.6+source-corrections-1.3.1",
      "entry_count": 518,
      "distinct_identity_key_count": 251,
      "duplicate_identity_key_count": 70
    },
    "removal_effective_version_baseline_miss_count": 0,
    "weekday_specific_contexts_disambiguated": 32,
    "legacy_month_spellings_normalized": [
      "Kiak -> Kiahk",
      "Baba -> Babah"
    ],
    "suppressed_examples": [
      {
        "context_key": "abib 10|liturgy||praxis",
        "preferred_source_family": "ordinary_date_resolved",
        "preferred_source_kind": "copticchurch_date",
        "preferred_source_locator": "https://copticchurch.net/readings?g_year=2023&g_month=07&g_day=17; cache/copticchurch_html:row 13035; source_ref=Acts 15:36-16:5",
        "preferred_identity_key": "rid_29d081e1b75c9201331c",
        "preferred_display_ref": "Acts 15:36-16:5",
        "suppressed_source_family": "katameros_cycle",
        "suppressed_display_ref": "Acts 15:36-41",
        "suppressed_identity_key": "rid_afeaa6e4bc0cc8f1d038"
      },
      {
        "context_key": "abib 10|liturgy||praxis",
        "preferred_source_family": "ordinary_date_resolved",
        "preferred_source_kind": "copticchurch_date",
        "preferred_source_locator": "https://copticchurch.net/readings?g_year=2023&g_month=07&g_day=17; cache/copticchurch_html:row 13035; source_ref=Acts 15:36-16:5",
        "preferred_identity_key": "rid_29d081e1b75c9201331c",
        "preferred_display_ref": "Acts 15:36-16:5",
        "suppressed_source_family": "katameros_cycle",
        "suppressed_display_ref": "Acts 16:1-5",
        "suppressed_identity_key": "rid_e0fbf80747507e81a74b"
      },
      {
        "context_key": "abib 10|liturgy||catholicon",
        "preferred_source_family": "ordinary_date_resolved",
        "preferred_source_kind": "copticchurch_date",
        "preferred_source_locator": "https://copticchurch.net/readings?g_year=2023&g_month=07&g_day=17; cache/copticchurch_html:row 13036; source_ref=3Jn 1:1-15",
        "preferred_identity_key": "rid_679d74fe15f7c208fb41",
        "preferred_display_ref": "3Jn 1:1-15",
        "suppressed_source_family": "katameros_cycle",
        "suppressed_display_ref": "3Jn 1:1-14",
        "suppressed_identity_key": "rid_9265b95c454d37e66c9f"
      },
      {
        "context_key": "abib 10|liturgy||pauline",
        "preferred_source_family": "ordinary_date_resolved",
        "preferred_source_kind": "copticchurch_date",
        "preferred_source_locator": "https://copticchurch.net/readings?g_year=2023&g_month=07&g_day=17; cache/copticchurch_html:row 13038; source_ref=Heb 7:18-8:13",
        "preferred_identity_key": "rid_04760e5acbd812273838",
        "preferred_display_ref": "Heb 7:18-8:13",
        "suppressed_source_family": "katameros_cycle",
        "suppressed_display_ref": "Heb 8:1-13",
        "suppressed_identity_key": "rid_377779f8ff1ee868fbe6"
      },
      {
        "context_key": "abib 10|liturgy||pauline",
        "preferred_source_family": "ordinary_date_resolved",
        "preferred_source_kind": "copticchurch_date",
        "preferred_source_locator": "https://copticchurch.net/readings?g_year=2023&g_month=07&g_day=17; cache/copticchurch_html:row 13038; source_ref=Heb 7:18-8:13",
        "preferred_identity_key": "rid_04760e5acbd812273838",
        "preferred_display_ref": "Heb 7:18-8:13",
        "suppressed_source_family": "katameros_cycle",
        "suppressed_display_ref": "Heb 7:18-28",
        "suppressed_identity_key": "rid_6ccefd1363f399b4c944"
      },
      {
        "context_key": "abib 11|matins||psalm",
        "preferred_source_family": "ordinary_date_resolved",
        "preferred_source_kind": "copticchurch_date",
        "preferred_source_locator": "https://copticchurch.net/readings?g_year=2023&g_month=07&g_day=18; cache/copticchurch_html:row 13054; source_ref=Ps 5:11",
        "preferred_identity_key": "rid_60b9d390372dab04bbe0",
        "preferred_display_ref": "Ps 5:11",
        "suppressed_source_family": "katameros_cycle",
        "suppressed_display_ref": "Ps 5:11-12",
        "suppressed_identity_key": "rid_8dde20acf8983675fae6"
      },
      {
        "context_key": "abib 12|liturgy||praxis",
        "preferred_source_family": "ordinary_date_resolved",
        "preferred_source_kind": "copticchurch_date",
        "preferred_source_locator": "https://copticchurch.net/readings?g_year=2023&g_month=07&g_day=19; cache/copticchurch_html:row 13058; source_ref=Acts 7:44-8:1",
        "preferred_identity_key": "rid_1a25121ae3b893a41c9e",
        "preferred_display_ref": "Acts 7:44-8:1",
        "suppressed_source_family": "katameros_cycle",
        "suppressed_display_ref": "Acts 8:1",
        "suppressed_identity_key": "rid_08a164916dec8b6a6733"
      },
      {
        "context_key": "abib 12|liturgy||praxis",
        "preferred_source_family": "ordinary_date_resolved",
        "preferred_source_kind": "copticchurch_date",
        "preferred_source_locator": "https://copticchurch.net/readings?g_year=2023&g_month=07&g_day=19; cache/copticchurch_html:row 13058; source_ref=Acts 7:44-8:1",
        "preferred_identity_key": "rid_1a25121ae3b893a41c9e",
        "preferred_display_ref": "Acts 7:44-8:1",
        "suppressed_source_family": "katameros_cycle",
        "suppressed_display_ref": "Acts 7:44-60",
        "suppressed_identity_key": "rid_39ae4e98e33691fbccd1"
      },
      {
        "context_key": "abib 12|liturgy||gospel",
        "preferred_source_family": "ordinary_date_resolved",
        "preferred_source_kind": "copticchurch_date",
        "preferred_source_locator": "https://copticchurch.net/readings?g_year=2023&g_month=07&g_day=19; cache/copticchurch_html:row 13060; source_ref=Lk 11:53-12:12",
        "preferred_identity_key": "rid_c289bcf1beff06823d08",
        "preferred_display_ref": "Lk 11:53-12:12",
        "suppressed_source_family": "katameros_cycle",
        "suppressed_display_ref": "Lk 12:1-12",
        "suppressed_identity_key": "rid_63d8fe7a9e9154128ec5"
      },
      {
        "context_key": "abib 12|liturgy||gospel",
        "preferred_source_family": "ordinary_date_resolved",
        "preferred_source_kind": "copticchurch_date",
        "preferred_source_locator": "https://copticchurch.net/readings?g_year=2023&g_month=07&g_day=19; cache/copticchurch_html:row 13060; source_ref=Lk 11:53-12:12",
        "preferred_identity_key": "rid_c289bcf1beff06823d08",
        "preferred_display_ref": "Lk 11:53-12:12",
        "suppressed_source_family": "katameros_cycle",
        "suppressed_display_ref": "Lk 11:53-54",
        "suppressed_identity_key": "rid_aad3c1665271c51d6931"
      },
      {
        "context_key": "abib 12|liturgy||pauline",
        "preferred_source_family": "ordinary_date_resolved",
        "preferred_source_kind": "copticchurch_date",
        "preferred_source_locator": "https://copticchurch.net/readings?g_year=2023&g_month=07&g_day=19; cache/copticchurch_html:row 13061; source_ref=Heb 12:13-14",
        "preferred_identity_key": "rid_0b678bece5ec7c923e5b",
        "preferred_display_ref": "Heb 12:13-14",
        "suppressed_source_family": "katameros_cycle",
        "suppressed_display_ref": "Heb 12:3-14",
        "suppressed_identity_key": "rid_1d81404309efbefe30e7"
      },
      {
        "context_key": "abib 13|liturgy||praxis",
        "preferred_source_family": "ordinary_date_resolved",
        "preferred_source_kind": "copticchurch_date",
        "preferred_source_locator": "https://copticchurch.net/readings?g_year=2023&g_month=07&g_day=20; cache/copticchurch_html:row 13068; source_ref=Acts 15:36-16:5",
        "preferred_identity_key": "rid_29d081e1b75c9201331c",
        "preferred_display_ref": "Acts 15:36-16:5",
        "suppressed_source_family": "katameros_cycle",
        "suppressed_display_ref": "Acts 15:36-41",
        "suppressed_identity_key": "rid_afeaa6e4bc0cc8f1d038"
      },
      {
        "context_key": "abib 13|liturgy||praxis",
        "preferred_source_family": "ordinary_date_resolved",
        "preferred_source_kind": "copticchurch_date",
        "preferred_source_locator": "https://copticchurch.net/readings?g_year=2023&g_month=07&g_day=20; cache/copticchurch_html:row 13068; source_ref=Acts 15:36-16:5",
        "preferred_identity_key": "rid_29d081e1b75c9201331c",
        "preferred_display_ref": "Acts 15:36-16:5",
        "suppressed_source_family": "katameros_cycle",
        "suppressed_display_ref": "Acts 16:1-5",
        "suppressed_identity_key": "rid_e0fbf80747507e81a74b"
      },
      {
        "context_key": "abib 13|liturgy||catholicon",
        "preferred_source_family": "ordinary_date_resolved",
        "preferred_source_kind": "copticchurch_date",
        "preferred_source_locator": "https://copticchurch.net/readings?g_year=2023&g_month=07&g_day=20; cache/copticchurch_html:row 13069; source_ref=3Jn 1:1-15",
        "preferred_identity_key": "rid_679d74fe15f7c208fb41",
        "preferred_display_ref": "3Jn 1:1-15",
        "suppressed_source_family": "katameros_cycle",
        "suppressed_display_ref": "3Jn 1:1-14",
        "suppressed_identity_key": "rid_9265b95c454d37e66c9f"
      },
      {
        "context_key": "abib 13|liturgy||pauline",
        "preferred_source_family": "ordinary_date_resolved",
        "preferred_source_kind": "copticchurch_date",
        "preferred_source_locator": "https://copticchurch.net/readings?g_year=2023&g_month=07&g_day=20; cache/copticchurch_html:row 13071; source_ref=Heb 7:18-8:13",
        "preferred_identity_key": "rid_04760e5acbd812273838",
        "preferred_display_ref": "Heb 7:18-8:13",
        "suppressed_source_family": "katameros_cycle",
        "suppressed_display_ref": "Heb 8:1-13",
        "suppressed_identity_key": "rid_377779f8ff1ee868fbe6"
      },
      {
        "context_key": "abib 13|liturgy||pauline",
        "preferred_source_family": "ordinary_date_resolved",
        "preferred_source_kind": "copticchurch_date",
        "preferred_source_locator": "https://copticchurch.net/readings?g_year=2023&g_month=07&g_day=20; cache/copticchurch_html:row 13071; source_ref=Heb 7:18-8:13",
        "preferred_identity_key": "rid_04760e5acbd812273838",
        "preferred_display_ref": "Heb 7:18-8:13",
        "suppressed_source_family": "katameros_cycle",
        "suppressed_display_ref": "Heb 7:18-28",
        "suppressed_identity_key": "rid_6ccefd1363f399b4c944"
      },
      {
        "context_key": "abib 16|liturgy||catholicon",
        "preferred_source_family": "ordinary_date_resolved",
        "preferred_source_kind": "copticchurch_date",
        "preferred_source_locator": "https://copticchurch.net/readings?g_year=2024&g_month=07&g_day=23; cache/copticchurch_html:row 16805; source_ref=1Jn 1:1-2:6",
        "preferred_identity_key": "rid_1e72a879101abc8d9c9a",
        "preferred_display_ref": "1Jn 1:1-2:6",
        "suppressed_source_family": "katameros_cycle",
        "suppressed_display_ref": "1Jn 1:1-10",
        "suppressed_identity_key": "rid_b690e32a49271d81b7b9"
      },
      {
        "context_key": "abib 16|liturgy||catholicon",
        "preferred_source_family": "ordinary_date_resolved",
        "preferred_source_kind": "copticchurch_date",
        "preferred_source_locator": "https://copticchurch.net/readings?g_year=2024&g_month=07&g_day=23; cache/copticchurch_html:row 16805; source_ref=1Jn 1:1-2:6",
        "preferred_identity_key": "rid_1e72a879101abc8d9c9a",
        "preferred_display_ref": "1Jn 1:1-2:6",
        "suppressed_source_family": "katameros_cycle",
        "suppressed_display_ref": "1Jn 2:1-6",
        "suppressed_identity_key": "rid_b96ebb46849ea8d4d7a6"
      },
      {
        "context_key": "abib 16|vespers||psalm",
        "preferred_source_family": "ordinary_date_resolved",
        "preferred_source_kind": "copticchurch_date",
        "preferred_source_locator": "https://copticchurch.net/readings?g_year=2024&g_month=07&g_day=23; cache/copticchurch_html:row 16812; source_ref=Ps 19:1,19:4",
        "preferred_identity_key": "rid_144edea63a8af8ce1c3b",
        "preferred_display_ref": "Ps 19:1,19:4 (LXX Ps 18:1; Ps 18:4)",
        "suppressed_source_family": "katameros_cycle",
        "suppressed_display_ref": "Ps 19:4 (LXX Ps 18:4)",
        "suppressed_identity_key": "rid_c83c6764eb7c45ea4eab"
      },
      {
        "context_key": "abib 16|vespers||psalm",
        "preferred_source_family": "ordinary_date_resolved",
        "preferred_source_kind": "copticchurch_date",
        "preferred_source_locator": "https://copticchurch.net/readings?g_year=2024&g_month=07&g_day=23; cache/copticchurch_html:row 16812; source_ref=Ps 19:1,19:4",
        "preferred_identity_key": "rid_144edea63a8af8ce1c3b",
        "preferred_display_ref": "Ps 19:1,19:4 (LXX Ps 18:1; Ps 18:4)",
        "suppressed_source_family": "katameros_cycle",
        "suppressed_display_ref": "Ps 19:1 (LXX Ps 18:1)",
        "suppressed_identity_key": "rid_f895fe12fbca3cc0b95e"
      }
    ]
  },
  "package_dir": "packages/lectionary-data"
}
