## date results
2020-03-11 | Wednesday of the third week of Great Lent | Matins | Prophecy | Exodus 4:19-6:13
2021-03-24 | Wednesday of the third week of Great Lent | Matins | Prophecy | Exodus 4:19-6:13
2022-03-16 | Wednesday of the third week of Great Lent | Matins | Prophecy | Exodus 4:19-6:13
2023-03-08 | Wednesday of the third week of Great Lent | Matins | Prophecy | Exodus 4:19-6:13
2024-03-27 | Wednesday of the third week of Great Lent | Matins | Prophecy | Exodus 4:19-6:13
2025-03-12 | Wednesday of the third week of Great Lent | Matins | Prophecy | Exodus 4:19-6:13
2026-03-04 | Wednesday of the third week of Great Lent | Matins | Prophecy | Exodus 4:19-6:13
2027-03-24 | Wednesday of the third week of Great Lent | Matins | Prophecy | Exodus 4:19-6:13
2028-03-08 | Wednesday of the third week of Great Lent | Matins | Prophecy | Exodus 4:19-6:13
2029-02-28 | Wednesday of the third week of Great Lent | Matins | Prophecy | Exodus 4:19-6:13
2030-03-20 | Wednesday of the third week of Great Lent | Matins | Prophecy | Exodus 4:19-6:13
2031-03-05 | Wednesday of the third week of Great Lent | Matins | Prophecy | Exodus 4:19-6:13
2032-03-24 | Wednesday of the third week of Great Lent | Matins | Prophecy | Exodus 4:19-6:13
2033-03-16 | Wednesday of the third week of Great Lent | Matins | Prophecy | Exodus 4:19-6:13
2034-03-01 | Wednesday of the third week of Great Lent | Matins | Prophecy | Exodus 4:19-6:13
2035-03-21 | Wednesday of the third week of Great Lent | Matins | Prophecy | Exodus 4:19-6:13
## reverse crosswalk results
2020-03-11 | Matins | Prophecy | Exod 4:19-6:13 | source=copticchurch_date
2021-03-24 | Matins | Prophecy | Exod 4:19-6:13 | source=copticchurch_date
2022-03-16 | Matins | Prophecy | Exod 4:19-6:13 | source=copticchurch_date
2023-03-08 | Matins | Prophecy | Exod 4:19-6:13 | source=copticchurch_date
2024-03-27 | Matins | Prophecy | Exod 4:19-6:13 | source=copticchurch_date
2025-03-12 | Matins | Prophecy | Exod 4:19-6:13 | source=copticchurch_date
2026-03-04 | Matins | Prophecy | Exod 4:19-6:13 | source=copticchurch_date
2027-03-24 | Matins | Prophecy | Exod 4:19-6:13 | source=copticchurch_date
2028-03-08 | Matins | Prophecy | Exod 4:19-6:13 | source=copticchurch_date
2029-02-28 | Matins | Prophecy | Exod 4:19-6:13 | source=copticchurch_date
2030-03-20 | Matins | Prophecy | Exod 4:19-6:13 | source=copticchurch_date
2031-03-05 | Matins | Prophecy | Exod 4:19-6:13 | source=copticchurch_date
2032-03-24 | Matins | Prophecy | Exod 4:19-6:13 | source=copticchurch_date
2033-03-16 | Matins | Prophecy | Exod 4:19-6:13 | source=copticchurch_date
2034-03-01 | Matins | Prophecy | Exod 4:19-6:13 | source=copticchurch_date
2035-03-21 | Matins | Prophecy | Exod 4:19-6:13 | source=copticchurch_date
week 3 day_of_week 3 | prophecy | GreatLentReadings | Exod 5:1-23 | source=katameros_cycle
